// Jest Snapshot v1, https://goo.gl/fbAQLP

exports[`SignUpButton takes a snapshot 1`] = `
<DocumentFragment>
  <button
    class="MuiButtonBase-root MuiButton-root MuiButton-outlined MuiButton-outlinedPrimary MuiButton-sizeLarge MuiButton-outlinedSizeLarge MuiButton-root MuiButton-outlined MuiButton-outlinedPrimary MuiButton-sizeLarge MuiButton-outlinedSizeLarge css-9y1egq-MuiButtonBase-root-MuiButton-root"
    data-testid="button"
    style="width: 200px;"
    tabindex="0"
    type="button"
  >
    <span
      class="MuiButton-startIcon MuiButton-iconSizeLarge css-htszrh-MuiButton-startIcon"
    >
      <svg
        aria-hidden="true"
        class="MuiSvgIcon-root MuiSvgIcon-fontSizeMedium css-i4bv87-MuiSvgIcon-root"
        data-testid="HowToRegOutlinedIcon"
        focusable="false"
        viewBox="0 0 24 24"
      >
        <path
          d="M11 12c2.21 0 4-1.79 4-4s-1.79-4-4-4-4 1.79-4 4 1.79 4 4 4zm0-6c1.1 0 2 .9 2 2s-.9 2-2 2-2-.9-2-2 .9-2 2-2zM5 18c.2-.63 2.57-1.68 4.96-1.94l2.04-2c-.39-.04-.68-.06-1-.06-2.67 0-8 1.34-8 4v2h9l-2-2H5zm15.6-5.5-5.13 5.17-2.07-2.08L12 17l3.47 3.5L22 13.91z"
        />
      </svg>
    </span>
    会員登録
    <span
      class="MuiTouchRipple-root css-8je8zh-MuiTouchRipple-root"
    />
  </button>
</DocumentFragment>
`;
