// Jest Snapshot v1, https://goo.gl/fbAQLP

exports[`MyHeader takes a snapshot 1`] = `
<DocumentFragment>
  <div
    class="MuiStack-root css-wzdyko-MuiStack-root"
    data-testid="header"
  >
    <h1
      class="MuiTypography-root MuiTypography-h1 css-1doh40h-MuiTypography-root"
    />
  </div>
  <div
    class="MuiStack-root css-9922yn-MuiStack-root"
  >
    <svg
      aria-hidden="true"
      class="MuiSvgIcon-root MuiSvgIcon-fontSizeMedium css-i4bv87-MuiSvgIcon-root"
      data-testid="ArrowBackIosIcon"
      focusable="false"
      viewBox="0 0 24 24"
    >
      <path
        d="M11.67 3.87 9.9 2.1 0 12l9.9 9.9 1.77-1.77L3.54 12z"
      />
    </svg>
  </div>
</DocumentFragment>
`;
