// Jest Snapshot v1, https://goo.gl/fbAQLP

exports[`Explanation takes a snapshot 1`] = `
<DocumentFragment>
  <div
    class="MuiStack-root css-1lefi6i-MuiStack-root"
  >
    <span
      class="MuiTypography-root MuiTypography-h5 css-4zg3cy-MuiTypography-root"
    >
      部長のお会計をお助け！
    </span>
    <img
      alt=""
      src="cheers.svg"
    />
    <span
      class="MuiTypography-root MuiTypography-h5 css-jmp210-MuiTypography-root"
    >
      各メンバーの支払額を%で計算することができます
    </span>
  </div>
</DocumentFragment>
`;
